2026-08-18 17:12:39 DEBUG:busco.run_BUSCO	Command line: /home/hasnat/micromamba/envs/busco/bin/busco -i /home/hasnat/genomex-work/data/Bacteria/GCA_000300095.1.fna -l /home/hasnat/genomex-work/db/bacteria_odb10 -o GCA_000300095.1 --out_path /home/hasnat/genomex-work/busco_out/genome -m genome --offline --cpu 20 -f
2026-08-18 17:12:39 INFO:busco.run_BUSCO	***** Start a BUSCO v5.8.3 analysis, current time: 08/18/2026 17:12:39 *****
2026-08-18 17:12:39 DEBUG:busco.ConfigManager	Getting config file
2026-08-18 17:12:39 INFO:busco.ConfigManager	Configuring BUSCO with local environment
2026-08-18 17:12:39 INFO:busco.BuscoConfig	Running genome mode
2026-08-18 17:12:39 DEBUG:busco.BuscoConfig	State of BUSCO config before run:
2026-08-18 17:12:39 DEBUG:busco.BuscoConfig	{'_allow_no_value': False,
 '_allow_unnamed_section': False,
 '_converters': <configparser.ConverterMapping object at 0x7a203fe09d30>,
 '_defaults': {},
 '_delimiters': ('=', ':'),
 '_dict': <class 'dict'>,
 '_empty_lines_in_values': True,
 '_input_filepath': '/home/hasnat/genomex-work/data/Bacteria/GCA_000300095.1.fna',
 '_interpolation': <configparser.BasicInterpolation object at 0x7a20f0bdcec0>,
 '_mode': 'genome',
 '_optcre': re.compile('\n        (?P<option>                        # very permissive!\n            (?:(?!=|:)\\S)*             # non-delimiter non-whitespace\n            (?:\\s+(?:(?!=|:)\\S)+)*)    # optionally more wor, re.VERBOSE),
 '_prefixes': namespace(full=('#', ';'), inline=()),
 '_proxies': {'DEFAULT': <Section: DEFAULT>,
              'augustus': <Section: augustus>,
              'bbtools': <Section: bbtools>,
              'busco_run': <Section: busco_run>,
              'etraining': <Section: etraining>,
              'gff2gbSmallDNA.pl': <Section: gff2gbSmallDNA.pl>,
              'hmmsearch': <Section: hmmsearch>,
              'makeblastdb': <Section: makeblastdb>,
              'metaeuk': <Section: metaeuk>,
              'miniprot': <Section: miniprot>,
              'new_species.pl': <Section: new_species.pl>,
              'optimize_augustus.pl': <Section: optimize_augustus.pl>,
              'prodigal': <Section: prodigal>,
              'sepp': <Section: sepp>,
              'tblastn': <Section: tblastn>},
 '_sections': {'augustus': {'command': '', 'path': ''},
               'bbtools': {'command': '', 'path': ''},
               'busco_run': {'auto-lineage': 'False',
                             'auto-lineage-euk': 'False',
                             'auto-lineage-prok': 'False',
                             'batch_mode': 'False',
                             'cpu': '20',
                             'datasets_version': 'odb10',
                             'download_base_url': 'https://busco-data.ezlab.org/v5/data/',
                             'download_path': '/mnt/c/Users/hasna/Desktop/GenomeX/GenomeX/busco_downloads',
                             'force': 'True',
                             'in': '/home/hasnat/genomex-work/data/Bacteria/GCA_000300095.1.fna',
                             'lineage_dataset': '/home/hasnat/genomex-work/db/bacteria_odb10',
                             'main_out': '/home/hasnat/genomex-work/busco_out/genome/GCA_000300095.1',
                             'mode': 'genome',
                             'offline': 'True',
                             'opt-out-run-stats': 'False',
                             'out': 'GCA_000300095.1',
                             'out_path': '/home/hasnat/genomex-work/busco_out/genome',
                             'quiet': 'False',
                             'restart': 'False',
                             'skip_bbtools': 'False',
                             'tar': 'False',
                             'use_augustus': 'False',
                             'use_metaeuk': 'False',
                             'use_miniprot': 'False'},
               'etraining': {'command': '', 'path': ''},
               'gff2gbSmallDNA.pl': {'command': '', 'path': ''},
               'hmmsearch': {'command': '', 'path': ''},
               'makeblastdb': {'command': '', 'path': ''},
               'metaeuk': {'command': '', 'path': ''},
               'miniprot': {'command': '', 'path': ''},
               'new_species.pl': {'command': '', 'path': ''},
               'optimize_augustus.pl': {'command': '', 'path': ''},
               'prodigal': {'command': '', 'path': ''},
               'sepp': {'command': '', 'path': ''},
               'tblastn': {'command': '', 'path': ''}},
 '_strict': True,
 'conf_file': 'local environment',
 'default_section': 'DEFAULT',
 'downloader': <busco.BuscoDownloadManager.BuscoDownloadManager object at 0x7a203fe09fd0>,
 'main_out': '/home/hasnat/genomex-work/busco_out/genome/GCA_000300095.1',
 'params': {'augustus_parameters': None,
            'augustus_species': None,
            'auto-lineage': False,
            'auto-lineage-euk': False,
            'auto-lineage-prok': False,
            'config_file': None,
            'contig_break': None,
            'cpu': 20,
            'datasets_version': None,
            'download': '==SUPPRESS==',
            'download_base_url': None,
            'download_path': None,
            'evalue': None,
            'force': True,
            'help': '==SUPPRESS==',
            'in': '/home/hasnat/genomex-work/data/Bacteria/GCA_000300095.1.fna',
            'limit': None,
            'lineage_dataset': '/home/hasnat/genomex-work/db/bacteria_odb10',
            'list_datasets': '==SUPPRESS==',
            'long': False,
            'metaeuk_parameters': None,
            'metaeuk_rerun_parameters': None,
            'mode': 'genome',
            'offline': True,
            'opt-out-run-stats': False,
            'out': 'GCA_000300095.1',
            'out_path': '/home/hasnat/genomex-work/busco_out/genome',
            'quiet': False,
            'restart': False,
            'scaffold_composition': False,
            'skip_bbtools': False,
            'tar': False,
            'use_augustus': False,
            'use_metaeuk': False,
            'use_miniprot': False,
            'version': '==SUPPRESS=='},
 'run_stats': {'cpu': 20,
               'force': True,
               'input_file_size': 7747029,
               'lineage_dataset': ['localpath/bacteria_odb10'],
               'mode': 'genome',
               'offline': True}}
2026-08-18 17:12:39 INFO:busco.BuscoRunner	Input file is /home/hasnat/genomex-work/data/Bacteria/GCA_000300095.1.fna
2026-08-18 17:12:39 INFO:busco.BuscoDownloadManager	Using local lineages directory /home/hasnat/genomex-work/db/bacteria_odb10
2026-08-18 17:12:39 DEBUG:busco.analysis.BuscoAnalysis	Check all required tools are accessible...
2026-08-18 17:12:39 DEBUG:busco.analysis.BuscoAnalysis	Checking dataset for HMM profiles
2026-08-18 17:12:39 INFO:busco.analysis.BuscoAnalysis	Running BUSCO using lineage dataset bacteria_odb10 (prokaryota, 2024-01-08)
2026-08-18 17:12:39 INFO:busco.busco_tools.Toolset	Running 1 job(s) on bbtools, starting at 08/18/2026 17:12:39
2026-08-18 17:12:40 DEBUG:busco.busco_tools.Toolset	cmd call: stats.sh format=2 in=/home/hasnat/genomex-work/data/Bacteria/GCA_000300095.1.fna n=10
2026-08-18 17:12:41 INFO:busco.busco_tools.Toolset	[bbtools]	1 of 1 task(s) completed
2026-08-18 17:12:41 INFO:busco.analysis.GenomeAnalysis	***** Run Prodigal on input to predict and extract genes *****
2026-08-18 17:12:41 DEBUG:busco.busco_tools.base	Tool: prodigal
2026-08-18 17:12:41 DEBUG:busco.busco_tools.base	Version: 2.6.3
2026-08-18 17:12:41 INFO:busco.busco_tools.prodigal	Running Prodigal with genetic code 11 in single mode
2026-08-18 17:12:41 INFO:busco.busco_tools.Toolset	Running 1 job(s) on prodigal, starting at 08/18/2026 17:12:41
